C51 COMPILER V9.54   1_1                                                                   11/21/2021 15:00:29 PAGE 1   


C51 COMPILER V9.54, COMPILATION OF MODULE 1_1
OBJECT MODULE PLACED IN .\Objects\1-1.obj
COMPILER INVOKED BY: C:\Program Files\Keil_v5\C51\BIN\C51.EXE 1-1.c OPTIMIZE(8,SPEED) BROWSE DEBUG OBJECTEXTEND PRINT(.\
                    -Listings\1-1.lst) TABS(2) OBJECT(.\Objects\1-1.obj)

line level    source

   1          #include "reg51.h"
   2          
   3          code unsigned char sin[256]={0x80,0x83,0x86,0x89,0x8d,0x90,0x93,0x96,0x99,0x9c,
   4          0x9f,0xa2,0xa5,0xa8,0xab,0xae,0xb1,0xb4,0xb7,0xba,
   5          0xbc,0xbf,0xc2,0xc5,0xc7,0xca,0xcc,0xcf,0xd1,0xd4,
   6          0xd6,0xd8,0xda,0xdd,0xdf,0xe1,0xe3,0xe5,0xe7,0xe9,
   7          0xea,0xec,0xee,0xef,0xf1,0xf2,0xf4,0xf5,0xf6,0xf7,
   8          0xf8,0xf9,0xfa,0xfb,0xfc,0xfd,0xfd,0xfe,0xff,0xff,
   9          0xff,0xff,0xff,0xff,0xff,0xff,0xff,0xff,0xff,0xff,
  10          0xfe,0xfd,0xfd,0xfc,0xfb,0xfa,0xf9,0xf8,0xf7,0xf6,
  11          0xf5,0xf4,0xf2,0xf1,0xef,0xee,0xec,0xea,0xe9,0xe7,
  12          0xe5,0xe3,0xe1,0xde,0xdd,0xda,0xd8,0xd6,0xd4,0xd1,
  13          0xcf,0xcc,0xca,0xc7,0xc5,0xc2,0xbf,0xbc,0xba,0xb7,
  14          0xb4,0xb1,0xae,0xab,0xa8,0xa5,0xa2,0x9f,0x9c,0x99,
  15          0x96,0x93,0x90,0x8d,0x89,0x86,0x83,0x80,0x80,0x7c,
  16          0x79,0x76,0x72,0x6f,0x6c,0x69,0x66,0x63,0x60,0x5d,
  17          0x5a,0x57,0x55,0x51,0x4e,0x4c,0x48,0x45,0x43,0x40,
  18          0x3d,0x3a,0x38,0x35,0x33,0x30,0x2e,0x2b,0x29,0x27,
  19          0x25,0x22,0x20,0x1e,0x1c,0x1a,0x18,0x16,0x15,0x13,
  20          0x11,0x10,0x0e,0x0d,0x0b,0x0a,0x09,0x08,0x07,0x06,
  21          0x05,0x04,0x03,0x02,0x02,0x01,0x00,0x00,0x00,0x00,
  22          0x00,0x00,0x00,0x00,0x00,0x00,0x00,0x00,0x01,0x02 ,
  23          0x02,0x03,0x04,0x05,0x06,0x07,0x08,0x09,0x0a,0x0b,
  24          0x0d,0x0e,0x10,0x11,0x13,0x15,0x16,0x18,0x1a,0x1c,
  25          0x1e,0x20,0x22,0x25,0x27,0x29,0x2b,0x2e,0x30,0x33,
  26          0x35,0x38,0x3a,0x3d,0x40,0x43,0x45,0x48,0x4c,0x4e ,
  27          0x51,0x55,0x57,0x5a,0x5d,0x60,0x63,0x66 ,0x69,0x6c,
  28          0x6f,0x72,0x76,0x79,0x7c,0x80};
  29          
  30          
  31          
  32          void delay(unsigned int n)
  33          {
  34   1        unsigned int i=0,j=0;
  35   1        for(i=0;i<n;i++)
  36   1        {
  37   2          for(j=0;j<1200;j++);
  38   2        }
  39   1      }
  40          
  41          // 生成 PWM 方波 占空比可以调的
  42          void PWN() {
  43   1          P2 = 0;
  44   1          delay(50);
  45   1          P2 = 255;
  46   1          delay(20);
  47   1      }
  48          
  49          void stair() {
  50   1          int i = 0;
  51   1          for (i = 0; i<255; i++) {
  52   2              P2 = i;
  53   2          }
  54   1      
C51 COMPILER V9.54   1_1                                                                   11/21/2021 15:00:29 PAGE 2   

  55   1          for (i = 255; i>0; i--) {
  56   2              P2 = i;
  57   2          }
  58   1      }
  59          
  60          void sinwave() {
  61   1          int i = 0;
  62   1          for (i = 0; i<255; i++) {
  63   2              P2 = sin[i];
  64   2              delay(1);
  65   2          }
  66   1      
  67   1          // for (i = 255; i>0; i--) {
  68   1          //     P2 = sin[i];
  69   1          // }
  70   1      }
  71          // 中文
  72          int main()
  73          {
  74   1          while (1) {
  75   2              // PWN();
  76   2              // stair();
  77   2              sinwave();
  78   2          }
  79   1          /* code */
  80   1          return 0;
  81   1      }
*** WARNING C294 IN LINE 80 OF 1-1.c: unreachable code


MODULE INFORMATION:   STATIC OVERLAYABLE
   CODE SIZE        =    137    ----
   CONSTANT SIZE    =    256    ----
   XDATA SIZE       =   ----    ----
   PDATA SIZE       =   ----    ----
   DATA SIZE        =   ----       2
   IDATA SIZE       =   ----    ----
   BIT SIZE         =   ----    ----
END OF MODULE INFORMATION.


C51 COMPILATION COMPLETE.  1 WARNING(S),  0 ERROR(S)
