C51 COMPILER V9.54   IPS_RECEIVE_TIMEINTERRUPT                                             04/06/2022 17:22:27 PAGE 1   


C51 COMPILER V9.54, COMPILATION OF MODULE IPS_RECEIVE_TIMEINTERRUPT
OBJECT MODULE PLACED IN .\Objects\ips_receive_timeInterrupt.obj
COMPILER INVOKED BY: C:\Program Files\Keil_v5\C51\BIN\C51.EXE ips_receive_timeInterrupt.c OPTIMIZE(8,SPEED) BROWSE DEBUG
                    - OBJECTEXTEND PRINT(.\Listings\ips_receive_timeInterrupt.lst) TABS(2) OBJECT(.\Objects\ips_receive_timeInterrupt.obj)

line level    source

   1          /**
   2           * @file ips_receive_timeInterrupt.c
   3           * @author your name (you@domain.com)
   4           * @brief 
   5           * @version 0.1
   6           * @date 2022-04-06
   7           * 
   8           * @copyright Copyright (c) 2022
   9           * 
  10           */
  11          
  12          #include "reg51.h"
  13          #include "uart.h"
  14          #include "timer.h"
  15          #include "stdio.h"
  16          // #include <string.h>
  17          
  18          
  19          int main()
  20          {
  21   1      
  22   1          // 初始化 定时计数器 T1
  23   1          timer0_init();
  24   1          uartInit();
  25   1          while (1)
  26   1          {
  27   2              if(recv_flag == 1){
  28   3                  recv_flag = 0;
  29   3      
  30   3                  // 关闭 自定义的 软件定时计数器
  31   3                  start_time = 0;
  32   3                  sendString(recv_buf);
  33   3                  // 发送完成后  recv_buf 清除
  34   3                  clear_recv_buffer(recv_buf);
  35   3      
  36   3      
  37   3              }
  38   2          }
  39   1          //return 0;
  40   1      }


MODULE INFORMATION:   STATIC OVERLAYABLE
   CODE SIZE        =     35    ----
   CONSTANT SIZE    =   ----    ----
   XDATA SIZE       =   ----    ----
   PDATA SIZE       =   ----    ----
   DATA SIZE        =   ----    ----
   IDATA SIZE       =   ----    ----
   BIT SIZE         =   ----    ----
END OF MODULE INFORMATION.


C51 COMPILATION COMPLETE.  0 WARNING(S),  0 ERROR(S)
