C51 COMPILER V9.54   IPS_PRINTF                                                            03/30/2022 22:45:53 PAGE 1   


C51 COMPILER V9.54, COMPILATION OF MODULE IPS_PRINTF
OBJECT MODULE PLACED IN .\Objects\ips_printf.obj
COMPILER INVOKED BY: C:\Program Files\Keil_v5\C51\BIN\C51.EXE ips_printf.c OPTIMIZE(8,SPEED) BROWSE DEBUG OBJECTEXTEND P
                    -RINT(.\Listings\ips_printf.lst) TABS(2) OBJECT(.\Objects\ips_printf.obj)

line level    source

   1          /**
   2           * @file ips_printf.c
   3           * @author kingnan (github.com/kingnan-Guo/PBC)
   4           * @brief 串口发送一串数据及printf重定向
   5           * @version 0.1
   6           * @date 2022-03-10
   7           * 
   8           * @copyright Copyright (c) 2022
   9           * 
  10           */
  11          #include "reg51.h"
  12          #include "delay.h"
  13          #include "uart.h"
  14          #include "stdio.h"
  15          
  16          unsigned char num = 88;
  17          unsigned int longNum = 15888;
  18          float floatNum = 1.888;
  19          
  20          int main(void)
  21          {
  22   1          uartInit();
  23   1          DelayXms(1000);
  24   1          // sendByte(0x88);
  25   1          sendString("hellow world1\r\n");
  26   1      
  27   1          printf("hellow world printf\r\n");
  28   1          printf("num16 = %d\r\n", num);
  29   1          printf("num = %bd\r\n", num);
  30   1          
  31   1          printf("longNum = %u\r\n", longNum);
  32   1      
  33   1          printf("floatNum = %f\r\n", floatNum);
  34   1          printf("floatNum = %g\r\n", floatNum);
  35   1          return 0;
  36   1      }
  37          
  38          


MODULE INFORMATION:   STATIC OVERLAYABLE
   CODE SIZE        =    113    ----
   CONSTANT SIZE    =    110    ----
   XDATA SIZE       =   ----    ----
   PDATA SIZE       =   ----    ----
   DATA SIZE        =      7    ----
   IDATA SIZE       =   ----    ----
   BIT SIZE         =   ----    ----
END OF MODULE INFORMATION.


C51 COMPILATION COMPLETE.  0 WARNING(S),  0 ERROR(S)
